// Jest Snapshot v1, https://goo.gl/fbAQLP

exports[`<CreateTokenForm /> should be rendered 1`] = `
<div>
  <h3>
    Create new token
  </h3>
  <form>
    <div
      class="form-group"
    >
      <label
        for="1"
      >
        Token name
      </label>
      <div
        class="input-group"
      >
        <input
          class="form-control  is-invalid"
          id="1"
          type="text"
          value=""
        />
      </div>
      <div
        class="invalid-feedback"
      >
        Name cannot be empty
      </div>
      <small
        class="form-text text-muted"
      >
        Shorter than 64 characters. Only alphanumeric characters, dots, dashes and underscores.
      </small>
    </div>
    <button
      class="btn btn-primary  col-sm-12 col-lg-3"
      disabled=""
      type="submit"
    >
       
       
      Add
    </button>
  </form>
</div>
`;
